// Jest Snapshot v1, https://jestjs.io/docs/snapshot-testing

exports[`ProductCard mantém o mesmo snapshot 1`] = `
<div>
  <a
    class="group"
    data-testid="product-card"
    href="/produtos/1"
  >
    <div>
      <img
        alt="Ótimo para corrida"
        class="aspect-square w-full rounded-lg  object-cover group-hover:opacity-75 xl:aspect-7/8"
        height="500"
        src="https://images.unsplash.com/photo-1752384876830-1291984ec767?q=80&w=709&auto=format&fit=crop&ixlib=rb-4.1.0&ixid=M3wxMjA3fDB8MHxwaG90by1wYWdlfHx8fGVufDB8fHx8fA%3D%3D"
        width="500"
      />
      <h3
        class="text-base leading-relaxed mt-4 text-sm "
      >
        Tênis Esportivo
      </h3>
      <p
        class="text-base leading-relaxed mt-1 text-lg font-medium "
      >
        R$ 
        199.90
      </p>
    </div>
  </a>
</div>
`;
