// Jest Snapshot v1, https://jestjs.io/docs/snapshot-testing

exports[`Button component mant√©m o mesmo snapshot 1`] = `
<div>
  <button
    class="inline-flex cursor-pointer items-center justify-center rounded-md font-medium transition-colors focus:outline-none focus:ring-2 focus:ring-offset-2 disabled:opacity-50 disabled:pointer-events-none bg-indigo-600 text-white hover:bg-indigo-700 focus:ring-indigo-500 px-4 py-2 text-base"
  >
    Comprar
  </button>
</div>
`;
